2026-09-04 09:45:19.410: [INFO] CurrentProfilePath: C:\Users\SRIJAY~1\AppData\Local\Temp\flutter_tools.33533abb\flutter_tools_chrome_device.8ccca73e\Default
2026-09-04 09:45:19.410: [INFO] Profiles total count: 1
2026-09-04 09:45:19.410: [INFO] Profile: name=Profile 1 path=C:\Users\SRIJAY~1\AppData\Local\Temp\flutter_tools.33533abb\flutter_tools_chrome_device.8ccca73e\Default lastActive=null
2026-09-04 09:45:19.410: [INFO] LastUsedProfileDir: C:\Users\SRIJAY~1\AppData\Local\Temp\flutter_tools.33533abb\flutter_tools_chrome_device.8ccca73e\Default
2026-09-04 09:45:19.410: [INFO] VisibilityChanged: 0
2026-09-04 09:45:19.557: [INFO] RecordSyncInitDuration has_sync_been_enabled: 0 state: 0
2026-09-04 09:45:19.559: [INFO] RecordSyncInitDuration has_sync_been_enabled: 0 state: 0
2026-09-04 09:45:19.561: [INFO] RecordSyncInitDuration has_sync_been_enabled: 0 state: 0
2026-09-04 09:45:19.564: [INFO] RecordSyncInitDuration has_sync_been_enabled: 0 state: 0
2026-09-04 09:45:19.565: [INFO] RecordSyncInitDuration has_sync_been_enabled: 0 state: 0
2026-09-04 09:45:19.567: [INFO] RecordSyncInitDuration has_sync_been_enabled: 0 state: 0
2026-09-04 09:45:19.569: [INFO] RecordSyncInitDuration has_sync_been_enabled: 0 state: 0
2026-09-04 09:45:19.571: [INFO] RecordSyncInitDuration has_sync_been_enabled: 0 state: 0
2026-09-04 09:45:19.573: [INFO] RecordSyncInitDuration has_sync_been_enabled: 0 state: 0
2026-09-04 09:45:19.575: [INFO] RecordSyncInitDuration has_sync_been_enabled: 0 state: 0
2026-09-04 09:45:23.921: [INFO] OnDoneLoading sync enabled: 0
2026-09-04 09:45:23.921: [INFO] BookmarkModelLoaded, ids_reassigned: 0
2026-09-04 09:45:23.921: [INFO] BookmarksLoadDropped droppedNodes=0
2026-09-04 09:45:23.921: [INFO] BookmarksSnapshot Startup total=0 bar=0 other=0 mobile=0 showBar=0 showBarNTP=1
2026-09-04 09:45:27.376: [INFO] RecordSyncInitDuration has_sync_been_enabled: 0 state: 0
2026-09-04 11:00:21.936: [INFO] BookmarksSnapshot Shutdown total=0 bar=0 other=0 mobile=0 showBar=0 showBarNTP=1
